Microchip MPLAB XC8 Compiler V2.45

Linker command line:

-W-3 \
  --edf=C:\Program Files\Microchip\xc8\v2.45\pic\dat\20230818022343_en.msgs \
  -cn -h+dist/default/production\Ultrasonic_Sensor.X.production.sym \
  --cmf=dist/default/production\Ultrasonic_Sensor.X.production.cmf -z \
  -Q18F4620 -oC:\Users\laphouse\AppData\Local\Temp\xcBsgdk.1\driver_tmp_3.o \
  --defsym=__MPLAB_BUILD=1 --fixupoverflow=error \
  -Mdist/default/production/Ultrasonic_Sensor.X.production.map \
  --md=C:\Users\laphouse\AppData\Local\Temp\xcBsgdk.1\driver_tmp_0.dat -E1 \
  -ver=XC8 Compiler --acfsm=1493 -ACODE=00h-0FFFFh -ACONST=00h-0FFFFh \
  -ASMALLCONST=01000h-010FFhx240 -AMEDIUMCONST=01000h-0FFFFh \
  -ACOMRAM=01h-07Fh -AABS1=00h-0F7Fh -ABIGRAM=01h-0F7Fh \
  -ARAM=080h-0FFh,0100h-01FFhx14,0F00h-0F7Fh -ABANK0=080h-0FFh \
  -ABANK1=0100h-01FFh -ABANK2=0200h-02FFh -ABANK3=0300h-03FFh \
  -ABANK4=0400h-04FFh -ABANK5=0500h-05FFh -ABANK6=0600h-06FFh \
  -ABANK7=0700h-07FFh -ABANK8=0800h-08FFh -ABANK9=0900h-09FFh \
  -ABANK10=0A00h-0AFFh -ABANK11=0B00h-0BFFh -ABANK12=0C00h-0CFFh \
  -ABANK13=0D00h-0DFFh -ABANK14=0E00h-0EFFh -ABANK15=0F00h-0F7Fh \
  -ASFR=0F80h-0FFFh -ABIGSFR=0F80h-0FFFh -ACONFIG=0300000h-030000Dh \
  -AIDLOC=0200000h-0200007h -AEEDATA=0F00000h-0F003FFh -peeprom_data=EEDATA \
  -preset_vec=00h,intcode=08h,intcodelo,powerup,init -pramtop=01000h \
  -psmallconst=SMALLCONST -pmediumconst=MEDIUMCONST -pconst=CONST \
  -AFARRAM=00h-00h \
  -prdata=COMRAM,nvrram=COMRAM,nvbit=COMRAM,rbss=COMRAM,rbit=COMRAM \
  -pfarbss=FARRAM,fardata=FARRAM,nvFARRAM=FARRAM \
  -pintsave_regs=BIGRAM,bigbss=BIGRAM,bigdata=BIGRAM -pbss=RAM \
  -pidata=CODE,irdata=CODE,ibigdata=CODE,ifardata=CODE -prparam=COMRAM \
  C:\Users\laphouse\AppData\Local\Temp\xcBsgdk.1\driver_tmp_9.o \
  dist/default/production\Ultrasonic_Sensor.X.production.o 

Object code version is 3.11

Machine type is 18F4620



                Name                               Link     Load   Length Selector   Space Scale
C:\Users\laphouse\AppData\Local\Temp\xcBsgdk.1\driver_tmp_9.o
                config                           300000   300000        E        0       4
                init                                  E        E        4        4       0
                reset_vec                             0        0        4        0       0
dist/default/production\Ultrasonic_Sensor.X.production.o
                intcode                               8        8        6        4       0
                config                           300000   300000        E        0       4
                temp                                 7D       7D        1        1       1
                smallconst                         1000     1000       12      800       0
                text29                             28A0     28A0        4      809       0
                text28                             289C     289C        4      809       0
                text27                             2898     2898        4      809       0
                text26                             283E     283E       1A      809       0
                text25                             2824     2824       1A      809       0
                text24                             280A     280A       1A      809       0
                text23                             27F0     27F0       1A      809       0
                text22                             2882     2882        C      809       0
                intcode_body                       17D6     17D6      2A6      809       0
                text20                             21C0     21C0       C4      809       0
                text19                             24B4     24B4       B0      809       0
                text18                             2874     2874        E      809       0
                text17                             288E     288E        A      809       0
                text16                             1E84     1E84      126      809       0
                text15                             1FAA     1FAA      110      809       0
                text14                             2796     2796       3C      809       0
                text13                             25DA     25DA       76      809       0
                text12                             1A7C     1A7C      254      809       0
                text11                             2564     2564       76      809       0
                text10                             2404     2404       B0      809       0
                text9                              275A     275A       3C      809       0
                text8                              2650     2650       6A      809       0
                text7                              2710     2710       4A      809       0
                text6                              143C     143C      39A      809       0
                text5                              1012     1012      42A      809       0
                text4                              20BA     20BA      106      809       0
                text3                              1CD0     1CD0      1B4      809       0
                text2                              2866     2866        E      809       0
                text1                              2346     2346       BE      809       0
                text0                              2284     2284       C2      809       0
                cstackCOMRAM                          1        1       4F        1       1
                cstackBANK0                          9E       9E        2       80       1
                dataBANK0                            80       80       1E       80       1
                dataCOMRAM                           6E       6E        E        1       1
                bssCOMRAM                            50       50       1E        1       1
                cinit                              26BA     26BA       56      809       0
                nvBANK0                              A0       A0        1       80       1
                nvCOMRAM                             7C       7C        1        1       1
                idataBANK0                         27D2     27D2       1E      809       0
                idataCOMRAM                        2858     2858        E      809       0

TOTAL           Name                               Link     Load   Length     Space
        CLASS   CODE           
                intcode                               8        8        6         0
                init                                  E        E        4         0
                reset_vec                             0        0        4         0
                text29                             28A0     28A0        4         0
                text28                             289C     289C        4         0
                text27                             2898     2898        4         0
                text26                             283E     283E       1A         0
                text25                             2824     2824       1A         0
                text24                             280A     280A       1A         0
                text23                             27F0     27F0       1A         0
                text22                             2882     2882        C         0
                intcode_body                       17D6     17D6      2A6         0
                text20                             21C0     21C0       C4         0
                text19                             24B4     24B4       B0         0
                text18                             2874     2874        E         0
                text17                             288E     288E        A         0
                text16                             1E84     1E84      126         0
                text15                             1FAA     1FAA      110         0
                text14                             2796     2796       3C         0
                text13                             25DA     25DA       76         0
                text12                             1A7C     1A7C      254         0
                text11                             2564     2564       76         0
                text10                             2404     2404       B0         0
                text9                              275A     275A       3C         0
                text8                              2650     2650       6A         0
                text7                              2710     2710       4A         0
                text6                              143C     143C      39A         0
                text5                              1012     1012      42A         0
                text4                              20BA     20BA      106         0
                text3                              1CD0     1CD0      1B4         0
                text2                              2866     2866        E         0
                text1                              2346     2346       BE         0
                text0                              2284     2284       C2         0
                cinit                              26BA     26BA       56         0
                idataBANK0                         27D2     27D2       1E         0
                idataCOMRAM                        2858     2858        E         0

        CLASS   CONST          

        CLASS   SMALLCONST     
                smallconst                         1000     1000       12         0

        CLASS   MEDIUMCONST    

        CLASS   COMRAM         
                temp                                 7D       7D        1         1
                cstackCOMRAM                          1        1       4F         1
                dataCOMRAM                           6E       6E        E         1
                bssCOMRAM                            50       50       1E         1
                nvCOMRAM                             7C       7C        1         1

        CLASS   ABS1           

        CLASS   BIGRAM         

        CLASS   RAM            

        CLASS   BANK0          
                cstackBANK0                          9E       9E        2         1
                dataBANK0                            80       80       1E         1
                nvBANK0                              A0       A0        1         1

        CLASS   BANK1          

        CLASS   BANK2          

        CLASS   BANK3          

        CLASS   BANK4          

        CLASS   BANK5          

        CLASS   BANK6          

        CLASS   BANK7          

        CLASS   BANK8          

        CLASS   BANK9          

        CLASS   BANK10         

        CLASS   BANK11         

        CLASS   BANK12         

        CLASS   BANK13         

        CLASS   BANK14         

        CLASS   BANK15         

        CLASS   SFR            

        CLASS   BIGSFR         

        CLASS   CONFIG         
                config                           300000   300000        E         4

        CLASS   IDLOC          

        CLASS   EEDATA         

        CLASS   FARRAM         

        CLASS   HEAP           

        CLASS   STACK          



SEGMENTS        Name                           Load    Length   Top    Selector   Space  Class

                reset_vec                      000000  000004  000004         0       0  CODE    
                cstackCOMRAM                   000001  00007D  00007E         1       1  COMRAM  
                intcode                        000008  00000A  000012         4       0  CODE    
                dataBANK0                      000080  000021  0000A1        80       1  BANK0   
                smallconst                     001000  000012  001012       800       0  SMALLCON
                text5                          001012  001892  0028A4       809       0  CODE    


UNUSED ADDRESS RANGES

        Name                Unused          Largest block    Delta
        BANK0            0000A1-0000FF               5F
        BANK1            000100-0001FF              100
        BANK10           000A00-000AFF              100
        BANK11           000B00-000BFF              100
        BANK12           000C00-000CFF              100
        BANK13           000D00-000DFF              100
        BANK14           000E00-000EFF              100
        BANK15           000F00-000F7F               80
        BANK2            000200-0002FF              100
        BANK3            000300-0003FF              100
        BANK4            000400-0004FF              100
        BANK5            000500-0005FF              100
        BANK6            000600-0006FF              100
        BANK7            000700-0007FF              100
        BANK8            000800-0008FF              100
        BANK9            000900-0009FF              100
        BIGRAM           00007E-00007F                2
                         0000A1-000F7F              EDF
        BIGSFR           000F80-000FFF               80
        CODE             000004-000007                4
                         000012-000FFF              FEE
                         0028A4-00FFFF             D75C
        COMRAM           00007E-00007F                2
        CONST            000004-000007                4
                         000012-000FFF              FEE
                         0028A4-00FFFF             D75C
        EEDATA           F00000-F003FF              400
        IDLOC            200000-200007                8
        MEDIUMCONST      0028A4-00FFFF             D75C
        RAM              0000A1-000F7F              100
        SFR              000F80-000FFF               80
        SMALLCONST       0028A4-00FFFF              100

                                  Symbol Table

?___awdiv                            cstackCOMRAM 000002
?___awmod                            cstackCOMRAM 000002
?___fldiv                            cstackCOMRAM 000029
?___flmul                            cstackCOMRAM 000010
?___fltol                            cstackCOMRAM 000042
?___xxtofl                           cstackCOMRAM 000002
?_measure_distance                   cstackCOMRAM 00004C
RB4_ISR@RB4_Source                   cstackCOMRAM 000001
RB5_ISR@RB5_Source                   cstackCOMRAM 000001
RB6_ISR@RB6_Source                   cstackCOMRAM 000001
RB7_ISR@RB7_Source                   cstackCOMRAM 000001
_INT0_ISR                            text29       0028A0
_INT0_InterruptHandler               bssCOMRAM    00006C
_INT1_ISR                            text28       00289C
_INT1_InterruptHandler               bssCOMRAM    00006A
_INT2_ISR                            text27       002898
_INT2_InterruptHandler               bssCOMRAM    000068
_INTCON2bits                         (abs)        000FF1
_INTCON3bits                         (abs)        000FF0
_INTCONbits                          (abs)        000FF2
_InterruptManager                    intcode      000008
_LATA                                (abs)        000F89
_LATB                                (abs)        000F8A
_LATC                                (abs)        000F8B
_LATD                                (abs)        000F8C
_LATDbits                            (abs)        000F8C
_LATE                                (abs)        000F8D
_PIE1bits                            (abs)        000F9D
_PIR1bits                            (abs)        000F9E
_PORTA                               (abs)        000F80
_PORTB                               (abs)        000F81
_PORTBbits                           (abs)        000F81
_PORTC                               (abs)        000F82
_PORTD                               (abs)        000F83
_PORTDbits                           (abs)        000F83
_PORTE                               (abs)        000F84
_RB4_Flag                            dataCOMRAM   00007B
_RB4_ISR                             text26       00283E
_RB4_InterruptHandler_HIGH           bssCOMRAM    000066
_RB4_InterruptHandler_LOW            bssCOMRAM    000064
_RB5_Flag                            dataCOMRAM   00007A
_RB5_ISR                             text25       002824
_RB5_InterruptHandler_HIGH           bssCOMRAM    000062
_RB5_InterruptHandler_LOW            bssCOMRAM    000060
_RB6_Flag                            dataCOMRAM   000079
_RB6_ISR                             text24       00280A
_RB6_InterruptHandler_HIGH           bssCOMRAM    00005E
_RB6_InterruptHandler_LOW            bssCOMRAM    00005C
_RB7_Flag                            dataCOMRAM   000078
_RB7_ISR                             text23       0027F0
_RB7_InterruptHandler_HIGH           bssCOMRAM    00005A
_RB7_InterruptHandler_LOW            bssCOMRAM    000058
_T1CON                               (abs)        000FCD
_T1CONbits                           (abs)        000FCD
_TMR1H                               (abs)        000FCF
_TMR1L                               (abs)        000FCE
_TMR1_ISR                            text22       002882
_TRISA                               (abs)        000F92
_TRISB                               (abs)        000F93
_TRISC                               (abs)        000F94
_TRISD                               (abs)        000F95
_TRISDbits                           (abs)        000F95
_TRISE                               (abs)        000F96
_Timer1_InterruptHandler             bssCOMRAM    000056
__HRAM                               (abs)        000000
__H__absolute__                      __absolute__ 000000
__Habs1                              abs1         000000
__Hbank0                             bank0        000000
__Hbank1                             bank1        000000
__Hbank10                            bank10       000000
__Hbank11                            bank11       000000
__Hbank12                            bank12       000000
__Hbank13                            bank13       000000
__Hbank14                            bank14       000000
__Hbank15                            bank15       000000
__Hbank2                             bank2        000000
__Hbank3                             bank3        000000
__Hbank4                             bank4        000000
__Hbank5                             bank5        000000
__Hbank6                             bank6        000000
__Hbank7                             bank7        000000
__Hbank8                             bank8        000000
__Hbank9                             bank9        000000
__Hbigbss                            bigbss       000000
__Hbigdata                           bigdata      000000
__Hbigram                            bigram       000000
__Hbigsfr                            bigsfr       000000
__Hbss                               bss          000000
__HbssCOMRAM                         bssCOMRAM    000000
__Hcinit                             cinit        000000
__Hclrtext                           clrtext      000000
__Hcomram                            comram       000000
__Hconfig                            config       30000E
__Hconst                             const        000000
__HcstackBANK0                       cstackBANK0  000000
__HcstackCOMRAM                      cstackCOMRAM 000000
__Hdata                              data         000000
__HdataBANK0                         dataBANK0    000000
__HdataCOMRAM                        dataCOMRAM   000000
__Heeprom_data                       eeprom_data  000000
__Hfarbss                            farbss       000000
__Hfardata                           fardata      000000
__Hheap                              heap         000000
__Hibigdata                          ibigdata     000000
__Hidata                             idata        000000
__HidataBANK0                        idataBANK0   000000
__HidataCOMRAM                       idataCOMRAM  000000
__Hidloc                             idloc        000000
__Hifardata                          ifardata     000000
__Hinit                              init         000012
__Hintcode                           intcode      00000E
__Hintcode_body                      intcode_body 000000
__Hintcodelo                         intcodelo    00000E
__Hintentry                          intentry     000000
__Hintret                            intret       000000
__Hintsave_regs                      intsave_regs 000000
__Hirdata                            irdata       000000
__Hmediumconst                       mediumconst  000000
__HnvBANK0                           nvBANK0      000000
__HnvCOMRAM                          nvCOMRAM     000000
__HnvFARRAM                          nvFARRAM     000000
__Hnvbit                             nvbit        000000
__Hnvrram                            nvrram       000000
__Hparam                             rparam       000000
__Hpowerup                           powerup      00000E
__Hram                               ram          000000
__Hramtop                            ramtop       001000
__Hrbit                              rbit         000000
__Hrbss                              rbss         000000
__Hrdata                             rdata        000000
__Hreset_vec                         reset_vec    000004
__Hrparam                            rparam       000000
__Hsfr                               sfr          000000
__Hsmallconst                        smallconst   001012
__Hspace_0                           (abs)        0028A4
__Hspace_1                           (abs)        0000A1
__Hspace_2                           (abs)        000000
__Hspace_4                           (abs)        60000E
__Hstack                             stack        000000
__Hstruct                            struct       000000
__Htemp                              temp         00007E
__Htext                              text         000000
__Htext0                             text0        000000
__Htext1                             text1        000000
__Htext10                            text10       000000
__Htext11                            text11       000000
__Htext12                            text12       000000
__Htext13                            text13       000000
__Htext14                            text14       000000
__Htext15                            text15       000000
__Htext16                            text16       000000
__Htext17                            text17       000000
__Htext18                            text18       000000
__Htext19                            text19       000000
__Htext2                             text2        000000
__Htext20                            text20       000000
__Htext22                            text22       000000
__Htext23                            text23       000000
__Htext24                            text24       000000
__Htext25                            text25       000000
__Htext26                            text26       000000
__Htext27                            text27       000000
__Htext28                            text28       000000
__Htext29                            text29       000000
__Htext3                             text3        000000
__Htext4                             text4        000000
__Htext5                             text5        000000
__Htext6                             text6        000000
__Htext7                             text7        000000
__Htext8                             text8        000000
__Htext9                             text9        000000
__LRAM                               (abs)        000001
__L__absolute__                      __absolute__ 000000
__Labs1                              abs1         000000
__Lbank0                             bank0        000000
__Lbank1                             bank1        000000
__Lbank10                            bank10       000000
__Lbank11                            bank11       000000
__Lbank12                            bank12       000000
__Lbank13                            bank13       000000
__Lbank14                            bank14       000000
__Lbank15                            bank15       000000
__Lbank2                             bank2        000000
__Lbank3                             bank3        000000
__Lbank4                             bank4        000000
__Lbank5                             bank5        000000
__Lbank6                             bank6        000000
__Lbank7                             bank7        000000
__Lbank8                             bank8        000000
__Lbank9                             bank9        000000
__Lbigbss                            bigbss       000000
__Lbigdata                           bigdata      000000
__Lbigram                            bigram       000000
__Lbigsfr                            bigsfr       000000
__Lbss                               bss          000000
__LbssCOMRAM                         bssCOMRAM    000000
__Lcinit                             cinit        000000
__Lclrtext                           clrtext      000000
__Lcomram                            comram       000000
__Lconfig                            config       000000
__Lconst                             const        000000
__LcstackBANK0                       cstackBANK0  000000
__LcstackCOMRAM                      cstackCOMRAM 000000
__Ldata                              data         000000
__LdataBANK0                         dataBANK0    000000
__LdataCOMRAM                        dataCOMRAM   000000
__Leeprom_data                       eeprom_data  000000
__Lfarbss                            farbss       000000
__Lfardata                           fardata      000000
__Lheap                              heap         000000
__Libigdata                          ibigdata     000000
__Lidata                             idata        000000
__LidataBANK0                        idataBANK0   000000
__LidataCOMRAM                       idataCOMRAM  000000
__Lidloc                             idloc        000000
__Lifardata                          ifardata     000000
__Linit                              init         00000E
__Lintcode                           intcode      000008
__Lintcode_body                      intcode_body 000000
__Lintcodelo                         intcodelo    00000E
__Lintentry                          intentry     000000
__Lintret                            intret       000000
__Lintsave_regs                      intsave_regs 000000
__Lirdata                            irdata       000000
__Lmediumconst                       mediumconst  000000
__LnvBANK0                           nvBANK0      000000
__LnvCOMRAM                          nvCOMRAM     000000
__LnvFARRAM                          nvFARRAM     000000
__Lnvbit                             nvbit        000000
__Lnvrram                            nvrram       000000
__Lparam                             rparam       000000
__Lpowerup                           powerup      00000E
__Lram                               ram          000000
__Lramtop                            ramtop       001000
__Lrbit                              rbit         000000
__Lrbss                              rbss         000000
__Lrdata                             rdata        000000
__Lreset_vec                         reset_vec    000000
__Lrparam                            rparam       000000
__Lsfr                               sfr          000000
__Lsmallconst                        smallconst   001000
__Lspace_0                           (abs)        000000
__Lspace_1                           (abs)        000000
__Lspace_2                           (abs)        000000
__Lspace_4                           (abs)        000000
__Lstack                             stack        000000
__Lstruct                            struct       000000
__Ltemp                              temp         00007D
__Ltext                              text         000000
__Ltext0                             text0        000000
__Ltext1                             text1        000000
__Ltext10                            text10       000000
__Ltext11                            text11       000000
__Ltext12                            text12       000000
__Ltext13                            text13       000000
__Ltext14                            text14       000000
__Ltext15                            text15       000000
__Ltext16                            text16       000000
__Ltext17                            text17       000000
__Ltext18                            text18       000000
__Ltext19                            text19       000000
__Ltext2                             text2        000000
__Ltext20                            text20       000000
__Ltext22                            text22       000000
__Ltext23                            text23       000000
__Ltext24                            text24       000000
__Ltext25                            text25       000000
__Ltext26                            text26       000000
__Ltext27                            text27       000000
__Ltext28                            text28       000000
__Ltext29                            text29       000000
__Ltext3                             text3        000000
__Ltext4                             text4        000000
__Ltext5                             text5        000000
__Ltext6                             text6        000000
__Ltext7                             text7        000000
__Ltext8                             text8        000000
__Ltext9                             text9        000000
__S0                                 (abs)        0028A4
__S1                                 (abs)        0000A1
__S4                                 (abs)        000000
__S5                                 (abs)        000000
___awdiv                             text20       0021C0
___awdiv@counter                     cstackCOMRAM 000006
___awdiv@dividend                    cstackCOMRAM 000002
___awdiv@divisor                     cstackCOMRAM 000004
___awdiv@quotient                    cstackCOMRAM 000008
___awdiv@sign                        cstackCOMRAM 000007
___awmod                             text19       0024B4
___awmod@counter                     cstackCOMRAM 000006
___awmod@dividend                    cstackCOMRAM 000002
___awmod@divisor                     cstackCOMRAM 000004
___awmod@sign                        cstackCOMRAM 000007
___fldiv                             text6        00143C
___fldiv@a                           cstackCOMRAM 00002D
___fldiv@aexp                        cstackCOMRAM 000041
___fldiv@b                           cstackCOMRAM 000029
___fldiv@bexp                        cstackCOMRAM 000040
___fldiv@grs                         cstackCOMRAM 00003C
___fldiv@new_exp                     cstackCOMRAM 00003A
___fldiv@rem                         cstackCOMRAM 000035
___fldiv@sign                        cstackCOMRAM 000039
___flmul                             text5        001012
___flmul@a                           cstackCOMRAM 000014
___flmul@aexp                        cstackCOMRAM 000021
___flmul@b                           cstackCOMRAM 000010
___flmul@bexp                        cstackCOMRAM 000022
___flmul@grs                         cstackCOMRAM 00001D
___flmul@prod                        cstackCOMRAM 000023
___flmul@sign                        cstackCOMRAM 00001C
___flmul@temp                        cstackCOMRAM 000027
___fltol                             text4        0020BA
___fltol@exp1                        cstackCOMRAM 00004B
___fltol@f1                          cstackCOMRAM 000042
___fltol@sign1                       cstackCOMRAM 00004A
___heap_hi                           (abs)        000000
___heap_lo                           (abs)        000000
___inthi_sp                          stack        000000
___inthi_stack_hi                    stack        000000
___inthi_stack_lo                    stack        000000
___intlo_sp                          stack        000000
___intlo_stack_hi                    stack        000000
___intlo_stack_lo                    stack        000000
___param_bank                        (abs)        000000
___rparam_used                       (abs)        000001
___sp                                stack        000000
___stack_hi                          stack        000000
___stack_lo                          stack        000000
___xxtofl                            text3        001CD0
___xxtofl@arg                        cstackCOMRAM 00000C
___xxtofl@exp                        cstackCOMRAM 00000B
___xxtofl@sign                       cstackCOMRAM 00000A
___xxtofl@val                        cstackCOMRAM 000002
__accesstop                          (abs)        000080
__activetblptr                       (abs)        000003
__end_of_INT0_ISR                    text29       0028A4
__end_of_INT1_ISR                    text28       0028A0
__end_of_INT2_ISR                    text27       00289C
__end_of_InterruptManager            intcode_body 001A7C
__end_of_RB4_ISR                     text26       002858
__end_of_RB5_ISR                     text25       00283E
__end_of_RB6_ISR                     text24       002824
__end_of_RB7_ISR                     text23       00280A
__end_of_TMR1_ISR                    text22       00288E
__end_of___awdiv                     text20       002284
__end_of___awmod                     text19       002564
__end_of___fldiv                     text6        0017D6
__end_of___flmul                     text5        00143C
__end_of___fltol                     text4        0021C0
__end_of___xxtofl                    text3        001E84
__end_of__initialization             cinit        002706
__end_of_gpio_pin_direction_init     text16       001FAA
__end_of_gpio_pin_write_logic        text15       0020BA
__end_of_init_timer1                 text18       002882
__end_of_init_ultrasonic             text17       002898
__end_of_lcd_8bit_init               text12       001CD0
__end_of_lcd_8bit_send_char_data     text11       0025DA
__end_of_lcd_8bit_send_char_data_pos text9        002796
__end_of_lcd_8bit_send_command       text13       002650
__end_of_lcd_8bit_send_enable        text14       0027D2
__end_of_lcd_8bit_send_string        text8        0026BA
__end_of_lcd_8bit_send_string_pos    text7        00275A
__end_of_lcd_8bit_set_cursor         text10       0024B4
__end_of_main                        text0        002346
__end_of_measure_distance            text1        002404
__end_of_send_trigger_pulse          text2        002874
__initialization                     cinit        0026BA
__mediumconst                        mediumconst  000000
__pbssCOMRAM                         bssCOMRAM    000050
__pcinit                             cinit        0026BA
__pcstackBANK0                       cstackBANK0  00009E
__pcstackCOMRAM                      cstackCOMRAM 000001
__pdataBANK0                         dataBANK0    000080
__pdataCOMRAM                        dataCOMRAM   00006E
__pidataBANK0                        idataBANK0   0027D2
__pidataCOMRAM                       idataCOMRAM  002858
__pintcode                           intcode      000008
__pintcode_body                      intcode_body 0017D6
__pnvBANK0                           nvBANK0      0000A0
__pnvCOMRAM                          nvCOMRAM     00007C
__psmallconst                        smallconst   001000
__ptext0                             text0        002284
__ptext1                             text1        002346
__ptext10                            text10       002404
__ptext11                            text11       002564
__ptext12                            text12       001A7C
__ptext13                            text13       0025DA
__ptext14                            text14       002796
__ptext15                            text15       001FAA
__ptext16                            text16       001E84
__ptext17                            text17       00288E
__ptext18                            text18       002874
__ptext19                            text19       0024B4
__ptext2                             text2        002866
__ptext20                            text20       0021C0
__ptext22                            text22       002882
__ptext23                            text23       0027F0
__ptext24                            text24       00280A
__ptext25                            text25       002824
__ptext26                            text26       00283E
__ptext27                            text27       002898
__ptext28                            text28       00289C
__ptext29                            text29       0028A0
__ptext3                             text3        001CD0
__ptext4                             text4        0020BA
__ptext5                             text5        001012
__ptext6                             text6        00143C
__ptext7                             text7        002710
__ptext8                             text8        002650
__ptext9                             text9        00275A
__ramtop                             ramtop       001000
__smallconst                         smallconst   001000
_dis                                 nvCOMRAM     00007C
_distance_Sensor                     bssCOMRAM    000050
_gpio_pin_direction_init             text16       001E84
_gpio_pin_write_logic                text15       001FAA
_init_timer1                         text18       002874
_init_ultrasonic                     text17       00288E
_lat_reg                             dataCOMRAM   00006E
_lcd_8bit_init                       text12       001A7C
_lcd_8bit_send_char_data             text11       002564
_lcd_8bit_send_char_data_pos         text9        00275A
_lcd_8bit_send_command               text13       0025DA
_lcd_8bit_send_enable                text14       002796
_lcd_8bit_send_string                text8        002650
_lcd_8bit_send_string_pos            text7        002710
_lcd_8bit_set_cursor                 text10       002404
_lcd_obj                             dataBANK0    000094
_main                                text0        002284
_measure_distance                    text1        002346
_port_reg                            dataBANK0    000080
_pulse_width                         bssCOMRAM    000052
_ret                                 nvBANK0      0000A0
_send_trigger_pulse                  text2        002866
_timer1_preload                      bssCOMRAM    000054
_tris_reg                            dataBANK0    00008A
btemp                                temp         00007D
end_of_initialization                cinit        002706
gpio_pin_direction_init@_pin_config  cstackCOMRAM 000002
gpio_pin_direction_init@ret          cstackCOMRAM 000008
gpio_pin_write_logic@_pin_config     cstackCOMRAM 000002
gpio_pin_write_logic@logic           cstackCOMRAM 000003
gpio_pin_write_logic@ret             cstackCOMRAM 000009
int$flags                            temp         00007D
int_func                             intcode_body 0017D6
intlevel0                            text         000000
intlevel1                            text         000000
intlevel2                            text         000000
intlevel3                            text         000000
isa$std                              (abs)        000001
isa$xinst                            (abs)        000000
lcd_8bit_init@lcd                    cstackCOMRAM 000012
lcd_8bit_init@ret                    cstackCOMRAM 000014
lcd_8bit_send_char_data@count        cstackCOMRAM 000011
lcd_8bit_send_char_data@data         cstackCOMRAM 00000D
lcd_8bit_send_char_data@lcd          cstackCOMRAM 00000C
lcd_8bit_send_char_data@ret          cstackCOMRAM 000010
lcd_8bit_send_char_data_pos@col      cstackCOMRAM 00001A
lcd_8bit_send_char_data_pos@data     cstackCOMRAM 00001B
lcd_8bit_send_char_data_pos@lcd      cstackCOMRAM 000018
lcd_8bit_send_char_data_pos@ret      cstackCOMRAM 00001C
lcd_8bit_send_char_data_pos@row      cstackCOMRAM 000019
lcd_8bit_send_command@command        cstackCOMRAM 00000D
lcd_8bit_send_command@count          cstackCOMRAM 000011
lcd_8bit_send_command@lcd            cstackCOMRAM 00000C
lcd_8bit_send_command@ret            cstackCOMRAM 000010
lcd_8bit_send_enable@lcd             cstackCOMRAM 00000A
lcd_8bit_send_enable@ret             cstackCOMRAM 00000B
lcd_8bit_send_string@lcd             cstackCOMRAM 000012
lcd_8bit_send_string@ret             cstackCOMRAM 000014
lcd_8bit_send_string@str             cstackCOMRAM 000013
lcd_8bit_send_string_pos@col         cstackCOMRAM 00001A
lcd_8bit_send_string_pos@lcd         cstackCOMRAM 000018
lcd_8bit_send_string_pos@ret         cstackCOMRAM 00001C
lcd_8bit_send_string_pos@row         cstackCOMRAM 000019
lcd_8bit_send_string_pos@str         cstackCOMRAM 00001B
lcd_8bit_set_cursor@column           cstackCOMRAM 000014
lcd_8bit_set_cursor@lcd              cstackCOMRAM 000012
lcd_8bit_set_cursor@ret              cstackCOMRAM 000017
lcd_8bit_set_cursor@row              cstackCOMRAM 000013
stackhi                              (abs)        000000
stacklo                              (abs)        000000
start                                init         00000E
start_initialization                 cinit        0026BA
ttemp5                               temp         00007E
ttemp6                               temp         000081
ttemp7                               temp         000085
wtemp8                               temp         00007E


MODULE INFORMATION

Module		Function		Class		Link	Load	Size
MCAL_layer/Interrupt/mcal_interrupt_manager.c
		_InterruptManager		CODE           	0008	0000	684

MCAL_layer/Interrupt/mcal_interrupt_manager.c estimated size: 684

MCAL_layer/Interrupt/mcal_external_interrupt.c
		_RB4_ISR       		CODE           	283E	0000	26
		_RB5_ISR       		CODE           	2824	0000	26
		_RB6_ISR       		CODE           	280A	0000	26
		_RB7_ISR       		CODE           	27F0	0000	26
		_INT0_ISR      		CODE           	28A0	0000	4
		_INT1_ISR      		CODE           	289C	0000	4
		_INT2_ISR      		CODE           	2898	0000	4

MCAL_layer/Interrupt/mcal_external_interrupt.c estimated size: 116

MCAL_layer/GPIO/hal_gpio.c
		_gpio_pin_write_logic		CODE           	1FAA	0000	272
		_gpio_pin_direction_init		CODE           	1E84	0000	294

MCAL_layer/GPIO/hal_gpio.c estimated size: 566

ECU_layer/LCD/ecu_lcd.c
		_lcd_8bit_send_enable		CODE           	2796	0000	60
		_lcd_8bit_send_char_data_pos		CODE           	275A	0000	60
		_lcd_8bit_set_cursor		CODE           	2404	0000	176
		_lcd_8bit_init 		CODE           	1A7C	0000	596
		_lcd_8bit_send_string		CODE           	2650	0000	106
		_lcd_8bit_send_command		CODE           	25DA	0000	118
		_lcd_8bit_send_string_pos		CODE           	2710	0000	74
		_lcd_8bit_send_char_data		CODE           	2564	0000	118

ECU_layer/LCD/ecu_lcd.c estimated size: 1308

ECU_layer/UltraSonic/ultrasonic.c
		_send_trigger_pulse		CODE           	2866	0000	14
		_measure_distance		CODE           	2346	0000	190
		_init_ultrasonic		CODE           	288E	0000	10
		_init_timer1   		CODE           	2874	0000	14

ECU_layer/UltraSonic/ultrasonic.c estimated size: 228

C:\Program Files\Microchip\xc8\v2.45\pic\sources\c99\common\sprcmul.c
		___flmul       		CODE           	1012	0000	1066

C:\Program Files\Microchip\xc8\v2.45\pic\sources\c99\common\sprcmul.c estimated size: 1066

MCAL_layer/TIMER1/hal_timer1.c
		_TMR1_ISR      		CODE           	2882	0000	12

MCAL_layer/TIMER1/hal_timer1.c estimated size: 12

C:\Program Files\Microchip\xc8\v2.45\pic\sources\c99\common\sprcdiv.c
		___fldiv       		CODE           	143C	0000	922

C:\Program Files\Microchip\xc8\v2.45\pic\sources\c99\common\sprcdiv.c estimated size: 922

C:\Program Files\Microchip\xc8\v2.45\pic\sources\c99\common\awmod.c
		___awmod       		CODE           	24B4	0000	176

C:\Program Files\Microchip\xc8\v2.45\pic\sources\c99\common\awmod.c estimated size: 176

shared
		__initialization		CODE           	26BA	0000	76

shared estimated size: 76

C:\Program Files\Microchip\xc8\v2.45\pic\sources\c99\common\xxtofl.c
		___xxtofl      		CODE           	1CD0	0000	436

C:\Program Files\Microchip\xc8\v2.45\pic\sources\c99\common\xxtofl.c estimated size: 436

application.c
		_main          		CODE           	2284	0000	194

application.c estimated size: 194

C:\Program Files\Microchip\xc8\v2.45\pic\sources\c99\common\awdiv.c
		___awdiv       		CODE           	21C0	0000	196

C:\Program Files\Microchip\xc8\v2.45\pic\sources\c99\common\awdiv.c estimated size: 196

C:\Program Files\Microchip\xc8\v2.45\pic\sources\c99\common\fltol.c
		___fltol       		CODE           	20BA	0000	262

C:\Program Files\Microchip\xc8\v2.45\pic\sources\c99\common\fltol.c estimated size: 262

